---
source: tests/feature_tests/mod.rs
expression: "&source.trim()"
---
fnm env | source
fnm install 11.10.0
fnm install 8.11.3
fnm alias 8.11.3 v8
if test (fnm ls | grep v8) != "* v8.11.3 v8"
    echo 'Expected fnm ls to be "* v8.11.3 v8", Got: '(fnm ls | grep v8)
    exit 1
end

fnm unalias v8
if test (fnm ls | grep v8) != "* v8.11.3"
    echo 'Expected fnm ls to be "* v8.11.3", Got: '(fnm ls | grep v8)
    exit 1
end
